21:53:40 **** Build of configuration Debug for project sampling_bd ****
make pre-build main-build 
a9-linaro-pre-build-step
' '
'Building file: ../src/sdk_main.c'
'Invoking: ARM v7 gcc compiler'
arm-none-eabi-gcc -Wall -O0 -g3 -c -fmessage-length=0 -MT"src/sdk_main.o" -mcpu=cortex-a9 -mfpu=vfpv3 -mfloat-abi=hard -I../../sampling_bd_bsp/ps7_cortexa9_0/include -MMD -MP -MF"src/sdk_main.d" -MT"src/sdk_main.o" -o "src/sdk_main.o" "../src/sdk_main.c"
'Finished building: ../src/sdk_main.c'
' '
'Building target: sampling_bd.elf'
'Invoking: ARM v7 gcc linker'
arm-none-eabi-gcc -mcpu=cortex-a9 -mfpu=vfpv3 -mfloat-abi=hard -Wl,-build-id=none -specs=Xilinx.spec -Wl,-T -Wl,../src/lscript.ld -L../../sampling_bd_bsp/ps7_cortexa9_0/lib -o "sampling_bd.elf"  ./src/sdk_main.o   -Wl,--start-group,-lxil,-lgcc,-lc,--end-group
'Finished building target: sampling_bd.elf'
' '
'Invoking: ARM v7 Print Size'
arm-none-eabi-size sampling_bd.elf  |tee "sampling_bd.elf.size"
   text	   data	    bss	    dec	    hex	filename
  23872	   1200	  22664	  47736	   ba78	sampling_bd.elf
'Finished building: sampling_bd.elf.size'
' '

21:53:46 Build Finished (took 6s.638ms)

