#-----------------------------------------------------------
# Vivado v2020.1 (64-bit)
# SW Build 2902540 on Wed May 27 19:54:49 MDT 2020
# IP Build 2902112 on Wed May 27 22:43:36 MDT 2020
# Start of session at: Mon Mar  1 14:39:22 2021
# Process ID: 22132
# Current directory: C:/Users/Meklarn/Desktop/EXJOBB/JonasHansson_2021VT/Vivado/WICSC_daq/WICSC_daq.runs/WICSC_daq_AD9249_DAQ_custom_0_0_synth_1
# Command line: vivado.exe -log WICSC_daq_AD9249_DAQ_custom_0_0.vds -product Vivado -mode batch -messageDb vivado.pb -notrace -source WICSC_daq_AD9249_DAQ_custom_0_0.tcl
# Log file: C:/Users/Meklarn/Desktop/EXJOBB/JonasHansson_2021VT/Vivado/WICSC_daq/WICSC_daq.runs/WICSC_daq_AD9249_DAQ_custom_0_0_synth_1/WICSC_daq_AD9249_DAQ_custom_0_0.vds
# Journal file: C:/Users/Meklarn/Desktop/EXJOBB/JonasHansson_2021VT/Vivado/WICSC_daq/WICSC_daq.runs/WICSC_daq_AD9249_DAQ_custom_0_0_synth_1\vivado.jou
#-----------------------------------------------------------
source WICSC_daq_AD9249_DAQ_custom_0_0.tcl -notrace
