#-----------------------------------------------------------
# Vivado v2020.1 (64-bit)
# SW Build 2902540 on Wed May 27 19:54:49 MDT 2020
# IP Build 2902112 on Wed May 27 22:43:36 MDT 2020
# Start of session at: Tue Aug 31 22:27:47 2021
# Process ID: 15324
# Current directory: C:/Users/JonasHP/AppData/Roaming/Xilinx/Vivado
# Command line: vivado.exe -gui_launcher_event rodinguilauncherevent6980
# Log file: C:/Users/JonasHP/AppData/Roaming/Xilinx/Vivado/vivado.log
# Journal file: C:/Users/JonasHP/AppData/Roaming/Xilinx/Vivado\vivado.jou
#-----------------------------------------------------------
start_gui
open_project C:/Users/JonasHP/Desktop/EXJOBB/WICSC_New/WICSC_ZC706/WICSC_ZC706.xpr
update_compile_order -fileset sources_1
update_module_reference design_1_PS_Interface_TOP_0_0
reset_run synth_1
launch_runs impl_1 -to_step write_bitstream -jobs 4
wait_on_run impl_1
update_module_reference design_1_PS_Interface_TOP_0_0
reset_run synth_1
launch_runs impl_1 -to_step write_bitstream -jobs 4
wait_on_run impl_1
archive_project C:/Users/JonasHP/Desktop/EXJOBB/WICSC_New/WICSC_ZC706.xpr.zip -temp_dir C:/Users/JonasHP/AppData/Roaming/Xilinx/Vivado/.Xil/Vivado-15324-DESKTOP-R1R40B4 -force -include_local_ip_cache -include_config_settings
